[backblue.gif]
[fade.gif]
[index.html]
[bcslawfirm.com/feed/index.html]
[bcslawfirm.com/comments/feed/index.html]
[bcslawfirm.com/wp-content/themes/astra/assets/fonts/astra.woff]
[bcslawfirm.com/wp-content/plugins/visitors-traffic-real-time-statistics/js/frontbdeb.js]
[bcslawfirm.com/wp-includes/js/jquery/jqueryb8ff.js]
[bcslawfirm.com/wp-includes/js/jquery/jquery-migrate.min330a.js]
[bcslawfirm.com/wp-content/plugins/cleantalk-spam-protect/js/apbct-public.mind49d.js]
[bcslawfirm.com/wp-content/plugins/cleantalk-spam-protect/js/cleantalk_nocache.mind49d.js]
[bcslawfirm.com/xmlrpc0db0.php]
[bcslawfirm.com/wp-includes/wlwmanifest.xml]
[bcslawfirm.com/wp-json/index.html]
[bcslawfirm.com/wp-json/oembed/1.0/embede2f7.json]
[bcslawfirm.com/wp-json/oembed/1.0/embedb7e4]
[bcslawfirm.com/wp-content/uploads/2019/03/slide-1.jpg]
[bcslawfirm.com/wp-content/uploads/2019/03/slide2.jpg]
[bcslawfirm.com/wp-content/uploads/2019/03/LAWYER5.jpg]
[bcslawfirm.com/wp-content/uploads/2019/03/LAWYER4.jpg]
[bcslawfirm.com/wp-content/uploads/2019/03/LAWYER3.jpg]
[bcslawfirm.com/wp-content/uploads/2019/03/LAWYER2.jpg]
[bcslawfirm.com/wp-content/uploads/2019/10/lawyer6.jpg]
[bcslawfirm.com/wp-content/themes/astra/assets/js/minified/style.mine1fc.js]
[bcslawfirm.com/wp-content/plugins/contact-form-7/includes/js/scripts.20b62d.delayed]
[bcslawfirm.com/wp-includes/js/wp-embed.minbdeb.js]
[bcslawfirm.com/wp-content/plugins/elementor/assets/js/frontend-modules.min5e0b.js]
[bcslawfirm.com/wp-includes/js/jquery/ui/position.mine899.js]
[bcslawfirm.com/wp-content/plugins/elementor/assets/lib/dialog/dialog.min.24fe9d.delayed]
[bcslawfirm.com/wp-content/plugins/elementor/assets/lib/waypoints/waypoints.min05da.js]
[bcslawfirm.com/wp-content/plugins/elementor/assets/lib/swiper/swiper.min4f24.js]
[bcslawfirm.com/wp-content/plugins/elementor/assets/js/frontend.min5e0b.js]
[bcslawfirm.com/index.html]
[bcslawfirm.com/images/icons.html]
[bcslawfirm.com/images/ui-icons_454545_256x240.html]
[bcslawfirm.com/wp-content/themes/astra/assets/css/minified/style.mine1fc.css]
[bcslawfirm.com/wp-content/themes/astra/assets/css/minified/menu-animation.mine1fc.css]
[bcslawfirm.com/wp-includes/css/dist/block-library/style.minbdeb.css]
[bcslawfirm.com/wp-content/plugins/contact-form-7/images/ajax-loader.gif]
[bcslawfirm.com/wp-content/plugins/contact-form-7/includes/css/stylesb62d.css]
[bcslawfirm.com/wp-content/themes/astra/assets/css/minified/compatibility/contact-form-7.mine1fc.css]
[bcslawfirm.com/wp-content/plugins/wp-stats-manager/css/style8a54.css]
[bcslawfirm.com/wp-content/plugins/elementor/assets/lib/eicons/fonts/eiconsdb5f.eot]
[bcslawfirm.com/wp-content/plugins/elementor/assets/lib/eicons/fonts/eiconsdb5f.woff2]
[bcslawfirm.com/wp-content/plugins/elementor/assets/lib/eicons/fonts/eiconsdb5f.woff]
[bcslawfirm.com/wp-content/plugins/elementor/assets/lib/eicons/fonts/eiconsdb5f.ttf]
[bcslawfirm.com/wp-content/plugins/elementor/assets/lib/eicons/css/elementor-icons.mindeba.css]
[bcslawfirm.com/wp-content/plugins/elementor/assets/lib/animations/animations.min5e0b.css]
[bcslawfirm.com/wp-content/plugins/elementor/assets/css/frontend.min5e0b.css]
[bcslawfirm.com/wp-content/plugins/elementor/assets/lib/font-awesome/fonts/fontawesome-webfont3e6e.eot]
[bcslawfirm.com/wp-content/plugins/elementor/assets/lib/font-awesome/fonts/fontawesome-webfontd41d.eot]
[bcslawfirm.com/wp-content/plugins/elementor/assets/lib/font-awesome/fonts/fontawesome-webfont3e6e.woff2]
[bcslawfirm.com/wp-content/plugins/elementor/assets/lib/font-awesome/fonts/fontawesome-webfont3e6e.woff]
[bcslawfirm.com/wp-content/plugins/elementor/assets/lib/font-awesome/fonts/fontawesome-webfont3e6e.ttf]
[bcslawfirm.com/wp-content/plugins/elementor/assets/lib/font-awesome/css/font-awesome.min1849.css]
[bcslawfirm.com/wp-content/uploads/elementor/css/global60ae.css]
[bcslawfirm.com/wp-content/uploads/elementor/css/post-58c6c.css]
[bcslawfirm.com/wp-content/uploads/2019/03/slide.jpg]
[bcslawfirm.com/wp-content/plugins/wp-stats-manager/installation.txt]
[bcslawfirm.com/wp-content/plugins/wp-stats-manager/log.txt]
[bcslawfirm.com/wp-content/plugins/wp-stats-manager/readme.txt]
[bcslawfirm.com/wp-content/plugins/wp-stats-manager/index.html]
[bcslawfirm.com/wp-json/oembed/1.0/embed817e.json]
[bcslawfirm.com/wp-json/oembed/1.0/embed3606]
[bcslawfirm.com/wp-content/uploads/2019/03/1017054-Copy-1.jpg]
[bcslawfirm.com/wp-content/uploads/2019/03/1016952-Copy.jpg]
[bcslawfirm.com/the-firm/index.html]
[bcslawfirm.com/wp-json/oembed/1.0/embedd61c.json]
[bcslawfirm.com/wp-json/oembed/1.0/embed9fdf]
[bcslawfirm.com/wp-content/uploads/2019/03/lawyer44.jpg]
[bcslawfirm.com/wp-content/uploads/2019/03/lawyer22.jpg]
[bcslawfirm.com/wp-content/uploads/2019/03/lawyer55.jpg]
[bcslawfirm.com/wp-content/uploads/2019/03/lawyer11.jpg]
[bcslawfirm.com/wp-content/uploads/2019/10/lawyer66.jpg]
[bcslawfirm.com/our-lawyers/index.html]
[bcslawfirm.com/wp-json/oembed/1.0/embedd815.json]
[bcslawfirm.com/wp-json/oembed/1.0/embedda2f]
[bcslawfirm.com/what-do-we-do/index.html]
[bcslawfirm.com/wp-content/uploads/essential-addons-elementor/eael-post-15.minb356.js]
[bcslawfirm.com/wp-json/oembed/1.0/embedfe1f.json]
[bcslawfirm.com/contact-us/index.html]
[bcslawfirm.com/the-lawyers/index.html]
[bcslawfirm.com/wp-content/plugins/elementor/assets/lib/eicons/fonts/eiconsdb5f.svg]
[bcslawfirm.com/wp-content/plugins/elementor/assets/lib/font-awesome/fonts/fontawesome-webfont3e6e.svg]
[bcslawfirm.com/wp-content/plugins/wp-stats-manager/indexc052.html]
[bcslawfirm.com/wp-content/plugins/wp-stats-manager/indexf8a0.html]
[bcslawfirm.com/wp-content/plugins/wp-stats-manager/indexbfec.html]
[bcslawfirm.com/wp-json/oembed/1.0/embed3b18]
[bcslawfirm.com/wp-content/plugins/wp-stats-manager/index30b5.html]
[bcslawfirm.com/wp-content/plugins/index.html]
[bcslawfirm.com/wp-content/plugins/wp-stats-manager/css/index.html]
[bcslawfirm.com/wp-content/plugins/wp-stats-manager/error_activation.txt]
[bcslawfirm.com/wp-content/plugins/wp-stats-manager/images/ICO_1px.gif]
[bcslawfirm.com/wp-content/plugins/wp-stats-manager/images/arrow_rotate_anticlockwise.png]
[bcslawfirm.com/wp-content/plugins/wp-stats-manager/images/calendar.png]
[bcslawfirm.com/wp-content/plugins/wp-stats-manager/images/chart_line.png]
[bcslawfirm.com/wp-content/plugins/wp-stats-manager/images/chart_line_add.png]
[bcslawfirm.com/wp-content/plugins/wp-stats-manager/images/distance from left.txt]
[bcslawfirm.com/wp-content/plugins/wp-stats-manager/images/flags.png]
[bcslawfirm.com/wp-content/plugins/wp-stats-manager/images/icons.png]
[bcslawfirm.com/wp-content/plugins/wp-stats-manager/images/mag.png]
[bcslawfirm.com/wp-content/plugins/wp-stats-manager/images/minichart-addon.png]
[bcslawfirm.com/wp-content/plugins/wp-stats-manager/images/network_wireless.png]
[bcslawfirm.com/wp-content/plugins/wp-stats-manager/images/online-blue.gif]
[bcslawfirm.com/wp-content/plugins/wp-stats-manager/images/online-red.gif]
[bcslawfirm.com/wp-content/plugins/wp-stats-manager/images/page_white_copy.png]
[bcslawfirm.com/wp-content/plugins/wp-stats-manager/images/plogo.png]
[bcslawfirm.com/wp-content/plugins/wp-stats-manager/images/plogopro.png]
[bcslawfirm.com/wp-content/plugins/wp-stats-manager/images/poststats-addon.png]
[bcslawfirm.com/wp-content/plugins/wp-stats-manager/images/prohibition_button.png]
[bcslawfirm.com/wp-content/plugins/wp-stats-manager/images/ui-bg_flat_0_888888_40x100.png]
[bcslawfirm.com/wp-content/plugins/wp-stats-manager/images/ui-bg_flat_75_ffffff_40x100.png]
[bcslawfirm.com/wp-content/plugins/wp-stats-manager/images/ui-bg_glass_55_fbf9ee_1x400.png]
[bcslawfirm.com/wp-content/plugins/wp-stats-manager/images/ui-bg_glass_65_ffffff_1x400.png]
[bcslawfirm.com/wp-content/plugins/wp-stats-manager/images/ui-bg_glass_75_dadada_1x400.png]
[bcslawfirm.com/wp-content/plugins/wp-stats-manager/images/ui-bg_glass_75_e6e6e6_1x400.png]
[bcslawfirm.com/wp-content/plugins/wp-stats-manager/images/ui-bg_highlight-soft_75_cccccc_1x100.png]
[bcslawfirm.com/wp-content/plugins/wp-stats-manager/images/ui-icons_222222_256x240.png]
[bcslawfirm.com/wp-content/plugins/wp-stats-manager/images/ui-icons_454545_256x240.png]
[bcslawfirm.com/wp-content/plugins/wp-stats-manager/images/index.html]
[bcslawfirm.com/wp-content/plugins/wp-stats-manager/includes/index.html]
[bcslawfirm.com/wp-content/plugins/wp-stats-manager/js/custom_admin.js]
[bcslawfirm.com/wp-content/plugins/wp-stats-manager/js/excanvas.js]
[bcslawfirm.com/wp-content/plugins/wp-stats-manager/js/jqplot.barRenderer.js]
[bcslawfirm.com/wp-content/plugins/wp-stats-manager/js/jqplot.canvasAxisLabelRenderer.js]
[bcslawfirm.com/wp-content/plugins/wp-stats-manager/js/jqplot.canvasAxisTickRenderer.js]
[bcslawfirm.com/wp-content/plugins/wp-stats-manager/js/jqplot.canvasTextRenderer.js]
[bcslawfirm.com/wp-content/plugins/wp-stats-manager/js/jqplot.categoryAxisRenderer.js]
[bcslawfirm.com/wp-content/plugins/wp-stats-manager/js/jqplot.cursor.js]
[bcslawfirm.com/wp-content/plugins/wp-stats-manager/js/jqplot.dateAxisRenderer.js]
[bcslawfirm.com/wp-content/plugins/wp-stats-manager/js/jqplot.enhancedLegendRenderer.js]
[bcslawfirm.com/wp-content/plugins/wp-stats-manager/js/jqplot.enhancedPieLegendRenderer.js]
[bcslawfirm.com/wp-content/plugins/wp-stats-manager/js/jqplot.highlighter.js]
[bcslawfirm.com/wp-content/plugins/wp-stats-manager/js/jqplot.logAxisRenderer.js]
[bcslawfirm.com/wp-content/plugins/wp-stats-manager/js/jqplot.mobile.js]
[bcslawfirm.com/wp-content/plugins/wp-stats-manager/js/jqplot.pieRendererjs.js]
[bcslawfirm.com/wp-content/plugins/wp-stats-manager/js/jquery.jqplot.js]
[bcslawfirm.com/wp-content/plugins/wp-stats-manager/js/json3.js]
[bcslawfirm.com/wp-content/plugins/wp-stats-manager/js/index.html]
[bcslawfirm.com/wp-content/plugins/wp-stats-manager/languages/index.html]
[bcslawfirm.com/wp-content/plugins/wp-stats-manager/js/wsm_new.js]
[bcslawfirm.com/wp-content/plugins/wp-stats-manager/wp-stats-manager.html]
[bcslawfirm.com/wp-content/uploads/2019/03/img7.jpg]
[bcslawfirm.com/wp-content/uploads/elementor/css/post-13e6a6.css]
[bcslawfirm.com/index2dc4.html]
[bcslawfirm.com/wp-content/uploads/2019/03/012.jpg]
[bcslawfirm.com/wp-content/uploads/elementor/css/post-17f01f.css]
[bcslawfirm.com/indexd8eb.html]
[bcslawfirm.com/wp-content/uploads/essential-addons-elementor/eael-post-15.minb356.css]
[bcslawfirm.com/wp-content/uploads/2019/03/lawyer-background-5.jpg]
[bcslawfirm.com/wp-content/uploads/elementor/css/post-15ef85.css]
[bcslawfirm.com/indexa1ca.html]
[bcslawfirm.com/wp-content/uploads/elementor/css/post-192858.css]
[bcslawfirm.com/index5831.html]
[bcslawfirm.com/wp-content/plugins/wp-stats-manager/indexb70a.html]
[bcslawfirm.com/wp-content/plugins/wp-stats-manager/index72c9.html]
[bcslawfirm.com/wp-content/plugins/wp-stats-manager/index5851.html]
[bcslawfirm.com/wp-content/plugins/wp-stats-manager/indexad3f.html]
[bcslawfirm.com/wp-content/plugins/wp-stats-manager/css/indexc052.html]
[bcslawfirm.com/wp-content/plugins/wp-stats-manager/css/indexf8a0.html]
[bcslawfirm.com/wp-content/plugins/wp-stats-manager/css/indexbfec.html]
[bcslawfirm.com/wp-content/plugins/wp-stats-manager/css/index30b5.html]
[bcslawfirm.com/wp-content/plugins/wp-stats-manager/css/custom_admin.css]
[bcslawfirm.com/wp-content/plugins/wp-stats-manager/css/custom_admin.html]
[bcslawfirm.com/wp-content/plugins/wp-stats-manager/css/dashboard_widget.css]
[bcslawfirm.com/wp-content/plugins/wp-stats-manager/css/flags.min.css]
[bcslawfirm.com/wp-content/plugins/wp-stats-manager/css/jquery-ui.css]
[bcslawfirm.com/wp-content/plugins/wp-stats-manager/css/jquery.jqplot.css]
[bcslawfirm.com/wp-content/plugins/wp-stats-manager/css/style.css]
[bcslawfirm.com/wp-content/plugins/wp-stats-manager/images/indexc052.html]
[bcslawfirm.com/wp-content/plugins/wp-stats-manager/images/indexf8a0.html]
[bcslawfirm.com/wp-content/plugins/wp-stats-manager/images/indexbfec.html]
[bcslawfirm.com/wp-content/plugins/wp-stats-manager/images/index30b5.html]
[bcslawfirm.com/wp-content/plugins/wp-stats-manager/includes/indexc052.html]
[bcslawfirm.com/wp-content/plugins/wp-stats-manager/includes/indexf8a0.html]
[bcslawfirm.com/wp-content/plugins/wp-stats-manager/includes/indexbfec.html]
[bcslawfirm.com/wp-content/plugins/wp-stats-manager/includes/index30b5.html]
[bcslawfirm.com/wp-content/plugins/wp-stats-manager/includes/wsm_admin_interface.html]
[bcslawfirm.com/wp-content/plugins/wp-stats-manager/includes/wsm_cron.html]
[bcslawfirm.com/wp-content/plugins/wp-stats-manager/includes/wsm_db.html]
[bcslawfirm.com/wp-content/plugins/wp-stats-manager/includes/wsm_functions.html]
[bcslawfirm.com/wp-content/plugins/wp-stats-manager/includes/wsm_init.html]
[bcslawfirm.com/wp-content/plugins/wp-stats-manager/includes/wsm_requests.html]
[bcslawfirm.com/wp-content/plugins/wp-stats-manager/includes/wsm_scheduled_mail.html]
[bcslawfirm.com/wp-content/plugins/wp-stats-manager/includes/wsm_shortcodeTable.html]
[bcslawfirm.com/wp-content/plugins/wp-stats-manager/includes/wsm_statistics.html]
[bcslawfirm.com/wp-content/plugins/wp-stats-manager/js/indexc052.html]
[bcslawfirm.com/wp-content/plugins/wp-stats-manager/js/indexf8a0.html]
[bcslawfirm.com/wp-content/plugins/wp-stats-manager/js/indexbfec.html]
[bcslawfirm.com/wp-content/plugins/wp-stats-manager/js/index30b5.html]
[bcslawfirm.com/wp-content/plugins/wp-stats-manager/languages/indexc052.html]
[bcslawfirm.com/wp-content/plugins/wp-stats-manager/languages/indexf8a0.html]
[bcslawfirm.com/wp-content/plugins/wp-stats-manager/languages/indexbfec.html]
[bcslawfirm.com/wp-content/plugins/wp-stats-manager/languages/index30b5.html]
[bcslawfirm.com/wp-content/plugins/wp-stats-manager/css/indexb70a.html]
[bcslawfirm.com/wp-content/plugins/wp-stats-manager/css/index72c9.html]
[bcslawfirm.com/wp-content/plugins/wp-stats-manager/css/index5851.html]
[bcslawfirm.com/wp-content/plugins/wp-stats-manager/css/indexad3f.html]
[bcslawfirm.com/wp-content/plugins/wp-stats-manager/images/ui-bg_glass_95_fef1ec_1x400.html]
[bcslawfirm.com/wp-content/plugins/wp-stats-manager/images/ui-icons_888888_256x240.html]
[bcslawfirm.com/wp-content/plugins/wp-stats-manager/images/ui-icons_2e83ff_256x240.html]
[bcslawfirm.com/wp-content/plugins/wp-stats-manager/images/ui-icons_cd0a0a_256x240.html]
[bcslawfirm.com/wp-content/plugins/wp-stats-manager/images/ui-bg_flat_0_aaaaaa_40x100.html]
[bcslawfirm.com/wp-content/plugins/wp-stats-manager/images/ui-anim_basic_16x16.html]
[bcslawfirm.com/wp-content/plugins/wp-stats-manager/images/indexb70a.html]
[bcslawfirm.com/wp-content/plugins/wp-stats-manager/images/index72c9.html]
[bcslawfirm.com/wp-content/plugins/wp-stats-manager/images/index5851.html]
[bcslawfirm.com/wp-content/plugins/wp-stats-manager/images/indexad3f.html]
[bcslawfirm.com/wp-content/plugins/wp-stats-manager/includes/indexb70a.html]
[bcslawfirm.com/wp-content/plugins/wp-stats-manager/includes/index72c9.html]
[bcslawfirm.com/wp-content/plugins/wp-stats-manager/includes/index5851.html]
[bcslawfirm.com/wp-content/plugins/wp-stats-manager/includes/indexad3f.html]
[bcslawfirm.com/wp-content/plugins/wp-stats-manager/js/indexb70a.html]
[bcslawfirm.com/wp-content/plugins/wp-stats-manager/js/index72c9.html]
[bcslawfirm.com/wp-content/plugins/wp-stats-manager/js/index5851.html]
[bcslawfirm.com/wp-content/plugins/wp-stats-manager/js/indexad3f.html]
[bcslawfirm.com/wp-content/plugins/wp-stats-manager/languages/indexb70a.html]
[bcslawfirm.com/wp-content/plugins/wp-stats-manager/languages/index72c9.html]
[bcslawfirm.com/wp-content/plugins/wp-stats-manager/languages/index5851.html]
[bcslawfirm.com/wp-content/plugins/wp-stats-manager/languages/indexad3f.html]
